// Jest Snapshot v1, https://goo.gl/fbAQLP

exports[`Given An Animal service When a request to delete an animal is made Then it should return the right status 1`] = `""`;
